// Jest Snapshot v1, https://goo.gl/fbAQLP

exports[`ScrollTop component should render ScrollTop component 1`] = `
<DocumentFragment>
  <div
    class="MuiBox-root css-zxtiae"
    style="opacity: 0; visibility: hidden;"
  >
    <button
      aria-label="scroll back to top"
      class="MuiButtonBase-root MuiFab-root MuiFab-circular MuiFab-sizeSmall MuiFab-default MuiFab-root MuiFab-circular MuiFab-sizeSmall MuiFab-default css-q288u8-MuiButtonBase-root-MuiFab-root"
      tabindex="0"
      type="button"
    >
      <svg
        aria-hidden="true"
        class="MuiSvgIcon-root MuiSvgIcon-fontSizeMedium css-i4bv87-MuiSvgIcon-root"
        data-testid="KeyboardArrowUpIcon"
        focusable="false"
        viewBox="0 0 24 24"
      >
        <path
          d="M7.41 15.41 12 10.83l4.59 4.58L18 14l-6-6-6 6z"
        />
      </svg>
      <span
        class="MuiTouchRipple-root css-8je8zh-MuiTouchRipple-root"
      />
    </button>
  </div>
</DocumentFragment>
`;
