// Jest Snapshot v1, https://goo.gl/fbAQLP

exports[`Snapshot test should render Footer 1`] = `
<DocumentFragment>
  <footer
    class="MuiPaper-root MuiPaper-elevation MuiPaper-elevation0 MuiAppBar-root MuiAppBar-colorPrimary MuiAppBar-positionRelative css-1cxxkmv-MuiPaper-root-MuiAppBar-root"
  >
    <div
      class="MuiContainer-root MuiContainer-maxWidthLg css-1oqqzyl-MuiContainer-root"
      direction="column"
    >
      <div
        class="MuiToolbar-root MuiToolbar-gutters MuiToolbar-regular css-1fpo0vu-MuiToolbar-root"
      >
        <div
          class="MuiStack-root css-1x9ldac-MuiStack-root"
        >
          <div
            class="MuiStack-root css-1cb81n0-MuiStack-root"
          >
            <a
              aria-current="page"
              class="MuiTypography-root MuiTypography-inherit MuiLink-root MuiLink-underlineAlways css-yvn3nr-MuiTypography-root-MuiLink-root active"
              href="/"
            >
              <div
                class="MuiStack-root css-1d9cypr-MuiStack-root"
              >
                <div
                  aria-label="logo"
                  class="MuiButtonBase-root MuiIconButton-root MuiIconButton-sizeMedium css-wnykid-MuiButtonBase-root-MuiIconButton-root"
                  role="button"
                  tabindex="0"
                >
                  <svg>
                    logo.svg
                  </svg>
                  <span
                    class="MuiTouchRipple-root css-8je8zh-MuiTouchRipple-root"
                  />
                </div>
                <p
                  class="MuiTypography-root MuiTypography-body1 css-10ffwrh-MuiTypography-root"
                >
                  eatly
                </p>
              </div>
            </a>
            <div
              class="MuiStack-root css-17alcl-MuiStack-root"
            >
              <a
                class="MuiTypography-root MuiTypography-inherit MuiLink-root MuiLink-underlineAlways css-zb2cou-MuiTypography-root-MuiLink-root"
                href="/reviews"
              >
                Reviews
              </a>
              <a
                class="MuiTypography-root MuiTypography-inherit MuiLink-root MuiLink-underlineAlways css-zb2cou-MuiTypography-root-MuiLink-root"
                href="/Restaurants"
              >
                Restaurants
              </a>
              <a
                class="MuiTypography-root MuiTypography-inherit MuiLink-root MuiLink-underlineAlways css-zb2cou-MuiTypography-root-MuiLink-root"
                href="/about-us"
              >
                About Us
              </a>
              <a
                class="MuiTypography-root MuiTypography-inherit MuiLink-root MuiLink-underlineAlways css-zb2cou-MuiTypography-root-MuiLink-root"
                href="/contact"
              >
                Contact
              </a>
            </div>
          </div>
          <div
            class="MuiBox-root css-gzteay"
          />
          <p
            class="MuiTypography-root MuiTypography-body1 css-809q2u-MuiTypography-root"
          >
            Â© 2023 EATLY All Rights Reserved.
          </p>
          <div
            class="MuiStack-root css-wg85rh-MuiStack-root"
          >
            <a
              class="MuiButtonBase-root MuiIconButton-root MuiIconButton-sizeMedium css-1hckuxn-MuiButtonBase-root-MuiIconButton-root"
              href="https://www.instagram.com/"
              tabindex="0"
              target="blanc"
            >
              <svg
                aria-hidden="true"
                class="MuiSvgIcon-root MuiSvgIcon-fontSizeMedium css-1xtcyno-MuiSvgIcon-root"
                data-testid="InstagramIcon"
                focusable="false"
                viewBox="0 0 24 24"
              >
                <path
                  d="M7.8 2h8.4C19.4 2 22 4.6 22 7.8v8.4a5.8 5.8 0 0 1-5.8 5.8H7.8C4.6 22 2 19.4 2 16.2V7.8A5.8 5.8 0 0 1 7.8 2m-.2 2A3.6 3.6 0 0 0 4 7.6v8.8C4 18.39 5.61 20 7.6 20h8.8a3.6 3.6 0 0 0 3.6-3.6V7.6C20 5.61 18.39 4 16.4 4H7.6m9.65 1.5a1.25 1.25 0 0 1 1.25 1.25A1.25 1.25 0 0 1 17.25 8 1.25 1.25 0 0 1 16 6.75a1.25 1.25 0 0 1 1.25-1.25M12 7a5 5 0 0 1 5 5 5 5 0 0 1-5 5 5 5 0 0 1-5-5 5 5 0 0 1 5-5m0 2a3 3 0 0 0-3 3 3 3 0 0 0 3 3 3 3 0 0 0 3-3 3 3 0 0 0-3-3z"
                />
              </svg>
              <span
                class="MuiTouchRipple-root css-8je8zh-MuiTouchRipple-root"
              />
            </a>
            <a
              class="MuiButtonBase-root MuiIconButton-root MuiIconButton-sizeMedium css-1hckuxn-MuiButtonBase-root-MuiIconButton-root"
              href="https://www.linkedin.com/"
              tabindex="0"
              target="blanc"
            >
              <svg
                aria-hidden="true"
                class="MuiSvgIcon-root MuiSvgIcon-fontSizeMedium css-1xtcyno-MuiSvgIcon-root"
                data-testid="LinkedInIcon"
                focusable="false"
                viewBox="0 0 24 24"
              >
                <path
                  d="M19 3a2 2 0 0 1 2 2v14a2 2 0 0 1-2 2H5a2 2 0 0 1-2-2V5a2 2 0 0 1 2-2h14m-.5 15.5v-5.3a3.26 3.26 0 0 0-3.26-3.26c-.85 0-1.84.52-2.32 1.3v-1.11h-2.79v8.37h2.79v-4.93c0-.77.62-1.4 1.39-1.4a1.4 1.4 0 0 1 1.4 1.4v4.93h2.79M6.88 8.56a1.68 1.68 0 0 0 1.68-1.68c0-.93-.75-1.69-1.68-1.69a1.69 1.69 0 0 0-1.69 1.69c0 .93.76 1.68 1.69 1.68m1.39 9.94v-8.37H5.5v8.37h2.77z"
                />
              </svg>
              <span
                class="MuiTouchRipple-root css-8je8zh-MuiTouchRipple-root"
              />
            </a>
            <a
              class="MuiButtonBase-root MuiIconButton-root MuiIconButton-sizeMedium css-1hckuxn-MuiButtonBase-root-MuiIconButton-root"
              href="https://uk-ua.facebook.com/"
              tabindex="0"
              target="blanc"
            >
              <svg
                aria-hidden="true"
                class="MuiSvgIcon-root MuiSvgIcon-fontSizeMedium css-1xtcyno-MuiSvgIcon-root"
                data-testid="FacebookIcon"
                focusable="false"
                viewBox="0 0 24 24"
              >
                <path
                  d="M5 3h14a2 2 0 0 1 2 2v14a2 2 0 0 1-2 2H5a2 2 0 0 1-2-2V5a2 2 0 0 1 2-2m13 2h-2.5A3.5 3.5 0 0 0 12 8.5V11h-2v3h2v7h3v-7h3v-3h-3V9a1 1 0 0 1 1-1h2V5z"
                />
              </svg>
              <span
                class="MuiTouchRipple-root css-8je8zh-MuiTouchRipple-root"
              />
            </a>
            <a
              class="MuiButtonBase-root MuiIconButton-root MuiIconButton-sizeMedium css-1hckuxn-MuiButtonBase-root-MuiIconButton-root"
              href="https://twitter.com/"
              tabindex="0"
              target="blanc"
            >
              <svg
                aria-hidden="true"
                class="MuiSvgIcon-root MuiSvgIcon-fontSizeMedium css-1xtcyno-MuiSvgIcon-root"
                data-testid="TwitterIcon"
                focusable="false"
                viewBox="0 0 24 24"
              >
                <path
                  d="M22.46 6c-.77.35-1.6.58-2.46.69.88-.53 1.56-1.37 1.88-2.38-.83.5-1.75.85-2.72 1.05C18.37 4.5 17.26 4 16 4c-2.35 0-4.27 1.92-4.27 4.29 0 .34.04.67.11.98C8.28 9.09 5.11 7.38 3 4.79c-.37.63-.58 1.37-.58 2.15 0 1.49.75 2.81 1.91 3.56-.71 0-1.37-.2-1.95-.5v.03c0 2.08 1.48 3.82 3.44 4.21a4.22 4.22 0 0 1-1.93.07 4.28 4.28 0 0 0 4 2.98 8.521 8.521 0 0 1-5.33 1.84c-.34 0-.68-.02-1.02-.06C3.44 20.29 5.7 21 8.12 21 16 21 20.33 14.46 20.33 8.79c0-.19 0-.37-.01-.56.84-.6 1.56-1.36 2.14-2.23z"
                />
              </svg>
              <span
                class="MuiTouchRipple-root css-8je8zh-MuiTouchRipple-root"
              />
            </a>
          </div>
        </div>
      </div>
    </div>
  </footer>
</DocumentFragment>
`;
