// Jest Snapshot v1, https://goo.gl/fbAQLP

exports[`MiniCartItem Component should renders MiniCartItem component 1`] = `
<DocumentFragment>
  <div
    class="MuiPaper-root MuiPaper-elevation MuiPaper-rounded MuiPaper-elevation1 MuiCard-root css-82itc0-MuiPaper-root-MuiCard-root"
  >
    <div
      class="MuiBox-root css-0"
    >
      <img
        alt="Product"
        class="MuiCardMedia-root MuiCardMedia-media MuiCardMedia-img css-12fewpf-MuiCardMedia-root"
        src="image.jpg"
      />
    </div>
    <div
      class="MuiBox-root css-1oeopgt"
    >
      <div
        class="MuiBox-root css-hoe9xz"
      >
        <div
          class="MuiCardContent-root css-1tallcb-MuiCardContent-root"
        >
          <p
            class="MuiTypography-root MuiTypography-body1 css-qa37qg-MuiTypography-root"
          >
            Product
          </p>
          <p
            class="MuiTypography-root MuiTypography-body1 css-mlpg4e-MuiTypography-root"
          >
            $10.99
          </p>
        </div>
      </div>
      <div
        class="MuiBox-root css-1txf5x2"
      >
        <div
          aria-label="small button group"
          class="MuiButtonGroup-root MuiButtonGroup-outlined css-edsu1d-MuiButtonGroup-root"
          role="group"
        >
          <button
            class="MuiButtonBase-root MuiButton-root MuiButton-outlined MuiButton-outlinedPrimary MuiButton-sizeMedium MuiButton-outlinedSizeMedium MuiButtonGroup-grouped MuiButtonGroup-groupedHorizontal MuiButtonGroup-groupedOutlined MuiButtonGroup-groupedOutlinedHorizontal MuiButtonGroup-groupedOutlinedPrimary MuiButton-root MuiButton-outlined MuiButton-outlinedPrimary MuiButton-sizeMedium MuiButton-outlinedSizeMedium MuiButtonGroup-grouped MuiButtonGroup-groupedHorizontal MuiButtonGroup-groupedOutlined MuiButtonGroup-groupedOutlinedHorizontal MuiButtonGroup-groupedOutlinedPrimary MuiButtonGroup-firstButton css-hu2o6-MuiButtonBase-root-MuiButton-root"
            tabindex="0"
            type="button"
          >
            <svg
              aria-hidden="true"
              class="MuiSvgIcon-root MuiSvgIcon-fontSizeMedium css-1n2fl28-MuiSvgIcon-root"
              data-testid="RemoveRoundedIcon"
              focusable="false"
              viewBox="0 0 24 24"
            >
              <path
                d="M18 13H6c-.55 0-1-.45-1-1s.45-1 1-1h12c.55 0 1 .45 1 1s-.45 1-1 1z"
              />
            </svg>
            <span
              class="MuiTouchRipple-root css-8je8zh-MuiTouchRipple-root"
            />
          </button>
          <p
            class="MuiTypography-root MuiTypography-body1 css-1579pud-MuiTypography-root"
          >
            1
          </p>
          <button
            class="MuiButtonBase-root MuiButton-root MuiButton-outlined MuiButton-outlinedPrimary MuiButton-sizeMedium MuiButton-outlinedSizeMedium MuiButtonGroup-grouped MuiButtonGroup-groupedHorizontal MuiButtonGroup-groupedOutlined MuiButtonGroup-groupedOutlinedHorizontal MuiButtonGroup-groupedOutlinedPrimary MuiButton-root MuiButton-outlined MuiButton-outlinedPrimary MuiButton-sizeMedium MuiButton-outlinedSizeMedium MuiButtonGroup-grouped MuiButtonGroup-groupedHorizontal MuiButtonGroup-groupedOutlined MuiButtonGroup-groupedOutlinedHorizontal MuiButtonGroup-groupedOutlinedPrimary MuiButtonGroup-lastButton css-hu2o6-MuiButtonBase-root-MuiButton-root"
            tabindex="0"
            type="button"
          >
            <svg
              aria-hidden="true"
              class="MuiSvgIcon-root MuiSvgIcon-fontSizeMedium css-1n2fl28-MuiSvgIcon-root"
              data-testid="AddRoundedIcon"
              focusable="false"
              viewBox="0 0 24 24"
            >
              <path
                d="M18 13h-5v5c0 .55-.45 1-1 1s-1-.45-1-1v-5H6c-.55 0-1-.45-1-1s.45-1 1-1h5V6c0-.55.45-1 1-1s1 .45 1 1v5h5c.55 0 1 .45 1 1s-.45 1-1 1z"
              />
            </svg>
            <span
              class="MuiTouchRipple-root css-8je8zh-MuiTouchRipple-root"
            />
          </button>
        </div>
      </div>
    </div>
  </div>
</DocumentFragment>
`;
